--- GML OUTPUT CHECK ---
Parcel 1 (SDGC ID): PASS
Parcel 1 (SDGC NS): PASS
Parcel 2 (LOCAL ID): PASS
Parcel 2 (LOCAL NS): PASS
Ref Point (Header): PASS
Ref Point (Point ID): PASS
Ref Point (SRS URI): PASS
Ref Point (Pos): PASS
